// Jest Snapshot v1, https://goo.gl/fbAQLP

exports[`<GurmukhiKeyboard /> renders correctly 1`] = `
<div>
  <div
    class="gurmukhi-keyboard gurbani-font active"
  >
    <div
      class="page"
      id="gurmukhi-keyboard-page-1"
    >
      <div
        class="keyboard-row"
      >
        <div
          class="keyboard-row-set"
        >
          <button
            data-value="a"
            type="button"
          >
            a
          </button>
          <button
            data-value="A"
            type="button"
          >
            A
          </button>
          <button
            data-value="e"
            type="button"
          >
            e
          </button>
          <button
            data-value="s"
            type="button"
          >
            s
          </button>
          <button
            data-value="h"
            type="button"
          >
            h
          </button>
        </div>
        <div
          class="keyboard-row-set"
        >
          <button
            data-value="k"
            type="button"
          >
            k
          </button>
          <button
            data-value="K"
            type="button"
          >
            K
          </button>
          <button
            data-value="g"
            type="button"
          >
            g
          </button>
          <button
            data-value="G"
            type="button"
          >
            G
          </button>
          <button
            data-value="|"
            type="button"
          >
            |
          </button>
        </div>
      </div>
      <div
        class="keyboard-row"
      >
        <div
          class="keyboard-row-set"
        >
          <button
            data-value="c"
            type="button"
          >
            c
          </button>
          <button
            data-value="C"
            type="button"
          >
            C
          </button>
          <button
            data-value="j"
            type="button"
          >
            j
          </button>
          <button
            data-value="J"
            type="button"
          >
            J
          </button>
          <button
            data-value="\\"
            type="button"
          >
            \\
          </button>
        </div>
        <div
          class="keyboard-row-set"
        >
          <button
            data-value="t"
            type="button"
          >
            t
          </button>
          <button
            data-value="T"
            type="button"
          >
            T
          </button>
          <button
            data-value="f"
            type="button"
          >
            f
          </button>
          <button
            data-value="F"
            type="button"
          >
            F
          </button>
          <button
            data-value="x"
            type="button"
          >
            x
          </button>
        </div>
      </div>
      <div
        class="keyboard-row"
      >
        <div
          class="keyboard-row-set"
        >
          <button
            data-value="q"
            type="button"
          >
            q
          </button>
          <button
            data-value="Q"
            type="button"
          >
            Q
          </button>
          <button
            data-value="d"
            type="button"
          >
            d
          </button>
          <button
            data-value="D"
            type="button"
          >
            D
          </button>
          <button
            data-value="n"
            type="button"
          >
            n
          </button>
        </div>
        <div
          class="keyboard-row-set"
        >
          <button
            data-value="p"
            type="button"
          >
            p
          </button>
          <button
            data-value="P"
            type="button"
          >
            P
          </button>
          <button
            data-value="b"
            type="button"
          >
            b
          </button>
          <button
            data-value="B"
            type="button"
          >
            B
          </button>
          <button
            data-value="m"
            type="button"
          >
            m
          </button>
        </div>
      </div>
      <div
        class="keyboard-row"
      >
        <div
          class="keyboard-row-set"
        >
          <button
            data-value="X"
            type="button"
          >
            X
          </button>
          <button
            data-value="r"
            type="button"
          >
            r
          </button>
          <button
            data-value="l"
            type="button"
          >
            l
          </button>
          <button
            data-value="v"
            type="button"
          >
            v
          </button>
          <button
            data-value="V"
            type="button"
          >
            V
          </button>
        </div>
        <div
          class="keyboard-row-set"
        >
          <button
            type="button"
          >
            Â 
          </button>
          <button
            class="active"
            data-action="page-1"
            title="Page 1"
            type="button"
          >
            1
          </button>
          <button
            class=""
            data-action="page-2"
            title="Page 2"
            type="button"
          >
            2
          </button>
          <button
            data-action="bksp"
            title="Backspace"
            type="button"
          >
            <svg
              height="1em"
              viewBox="0 0 448 512"
              width="1em"
            >
              <path
                d="M134.059 296H436c6.627 0 12-5.373 12-12v-56c0-6.627-5.373-12-12-12H134.059v-46.059c0-21.382-25.851-32.09-40.971-16.971L7.029 239.029c-9.373 9.373-9.373 24.569 0 33.941l86.059 86.059c15.119 15.119 40.971 4.411 40.971-16.971V296z"
              />
            </svg>
          </button>
          <a
            href="/help#Web-how-to-type-gurmukhi-with-keyboard"
          >
            <button
              type="button"
            >
              ?
            </button>
          </a>
        </div>
      </div>
    </div>
  </div>
</div>
`;
